[templates.themekit.dev/codrop/index-saas.html]
[backblue.gif]
[fade.gif]
[index.html]
[templates.themekit.dev/codrop/themekit/scripts/jquery.min.js]
[templates.themekit.dev/codrop/themekit/scripts/main.js]
[templates.themekit.dev/codrop/themekit/css/bootstrap-grid.css]
[templates.themekit.dev/codrop/themekit/css/style.css]
[templates.themekit.dev/codrop/themekit/css/glide.css]
[templates.themekit.dev/codrop/themekit/css/magnific-popup.css]
[templates.themekit.dev/codrop/themekit/css/content-box.css]
[templates.themekit.dev/codrop/themekit/css/contact-form.css]
[templates.themekit.dev/codrop/themekit/css/media-box.css]
[templates.themekit.dev/codrop/skin.css]
[templates.themekit.dev/codrop/media/favicon.png]
[templates.themekit.dev/codrop/media/logo-light.svg]
[templates.themekit.dev/codrop/index-fintech.html]
[templates.themekit.dev/codrop/index-sport.html]
[templates.themekit.dev/codrop/index-food.html]
[templates.themekit.dev/codrop/index-chat.html]
[templates.themekit.dev/codrop/index-music.html]
[templates.themekit.dev/codrop/index-photo.html]
[templates.themekit.dev/codrop/index-travel.html]
[templates.themekit.dev/codrop/index-news.html]
[templates.themekit.dev/codrop/index.html]
[templates.themekit.dev/codrop/about.html]
[templates.themekit.dev/codrop/careers.html]
[templates.themekit.dev/codrop/faq.html]
[templates.themekit.dev/codrop/customers.html]
[templates.themekit.dev/codrop/pricing-1.html]
[templates.themekit.dev/codrop/pricing-2.html]
[templates.themekit.dev/codrop/team.html]
[templates.themekit.dev/codrop/blog-1.html]
[templates.themekit.dev/codrop/blog-2.html]
[templates.themekit.dev/codrop/post.html]
[templates.themekit.dev/codrop/contacts-1.html]
[templates.themekit.dev/codrop/contacts-2.html]
[templates.themekit.dev/codrop/contacts-3.html]
[templates.themekit.dev/codrop/elements/components/buttons.html]
[templates.themekit.dev/codrop/media/en.png]
[templates.themekit.dev/codrop/media/it.png]
[templates.themekit.dev/codrop/media/es.png]
[templates.themekit.dev/codrop/media/bg.svg]
[templates.themekit.dev/codrop/media/tablet-1.png]
[templates.themekit.dev/codrop/media/logos/logo-1.png]
[templates.themekit.dev/codrop/media/logos/logo-2.png]
[templates.themekit.dev/codrop/media/logos/logo-3.png]
[templates.themekit.dev/codrop/media/logos/logo-6.png]
[templates.themekit.dev/codrop/media/logos/logo-5.png]
[templates.themekit.dev/codrop/media/logos/logo-4.png]
[templates.themekit.dev/codrop/media/saas/icon-1.svg]
[templates.themekit.dev/codrop/media/saas/icon-2.svg]
[templates.themekit.dev/codrop/media/saas/icon-3.svg]
[templates.themekit.dev/codrop/media/saas/icon-4.svg]
[templates.themekit.dev/codrop/media/devices.png]
[templates.themekit.dev/codrop/media/phone-12.png]
[templates.themekit.dev/codrop/media/phone-13.png]
[templates.themekit.dev/codrop/media/saas/icon-5.svg]
[templates.themekit.dev/codrop/media/saas/icon-6.svg]
[templates.themekit.dev/codrop/media/saas/icon-7.svg]
[templates.themekit.dev/codrop/media/saas/icon-8.svg]
[templates.themekit.dev/codrop/media/saas/icon-9.svg]
[templates.themekit.dev/codrop/media/saas/icon-10.svg]
[templates.themekit.dev/codrop/media/saas/icon-11.svg]
[templates.themekit.dev/codrop/media/saas/icon-12.svg]
[templates.themekit.dev/codrop/media/saas/image-1.jpg]
[templates.themekit.dev/codrop/media/saas/image-2.jpg]
[templates.themekit.dev/codrop/media/users/user-1.jpg]
[templates.themekit.dev/codrop/media/users/user-3.jpg]
[templates.themekit.dev/codrop/media/users/user-4.jpg]
[templates.themekit.dev/codrop/media/users/user-5.jpg]
[templates.themekit.dev/codrop/media/sign-dark.png]
[templates.themekit.dev/codrop/themekit/scripts/parallax.min.js]
[templates.themekit.dev/codrop/themekit/scripts/glide.min.js]
[templates.themekit.dev/codrop/themekit/scripts/magnific-popup.min.js]
[templates.themekit.dev/codrop/themekit/scripts/tab-accordion.js]
[templates.themekit.dev/codrop/themekit/scripts/pagination.min.js]
[templates.themekit.dev/codrop/themekit/scripts/imagesloaded.min.js]
[templates.themekit.dev/codrop/themekit/scripts/contact-form/contact-form.js]
[templates.themekit.dev/codrop/themekit/scripts/progress.js]
[templates.themekit.dev/codrop/media/custom.js]
[templates.themekit.dev/codrop/index-saas.html]
[templates.themekit.dev/codrop/themekit/css/bootstrap-grid.css]
[themekit.dev/tools/sidebar/sidebar.js]
[templates.themekit.dev/codrop/themekit/media/icons/icons.eot]
[templates.themekit.dev/codrop/themekit/media/icons/iconsd41d.eot]
[templates.themekit.dev/codrop/themekit/media/icons/icons.woff]
[templates.themekit.dev/codrop/themekit/media/icons/icons.ttf]
[templates.themekit.dev/codrop/themekit/media/icons/iconsca27.svg]
[templates.themekit.dev/codrop/themekit/css/style.css]
[templates.themekit.dev/codrop/themekit/css/glide.css]
[templates.themekit.dev/codrop/themekit/css/magnific-popup.css]
[templates.themekit.dev/codrop/themekit/css/content-box.css]
[templates.themekit.dev/codrop/themekit/css/contact-form.css]
[templates.themekit.dev/codrop/themekit/css/media-box.css]
[templates.themekit.dev/codrop/themekit/media/loader.svg]
[templates.themekit.dev/codrop/media/fonts/Jost-Book.woff2]
[templates.themekit.dev/codrop/media/fonts/Jost-Book.woff]
[templates.themekit.dev/codrop/media/fonts/Jost-Medium.woff2]
[templates.themekit.dev/codrop/media/fonts/Jost-Medium.woff]
[templates.themekit.dev/codrop/media/star.svg]
[templates.themekit.dev/codrop/media/saas/overlay-1.svg]
[templates.themekit.dev/codrop/media/check.svg]
[templates.themekit.dev/codrop/media/photo-icon.png]
[templates.themekit.dev/codrop/media/check-gray.svg]
[templates.themekit.dev/codrop/skin.css]
[templates.themekit.dev/codrop/media/logo-light.svg]
[templates.themekit.dev/codrop/media/play.svg]
[templates.themekit.dev/codrop/media/iso-1.png]
[templates.themekit.dev/codrop/media/iso-2.png]
[templates.themekit.dev/codrop/media/iso-3.png]
[templates.themekit.dev/codrop/index-fintech.html]
[templates.themekit.dev/codrop/themekit/media/icons/iconsmind/line-icons.min.css]
[templates.themekit.dev/codrop/themekit/css/social.css]
[templates.themekit.dev/codrop/media/video-poster-2.jpg]
[templates.themekit.dev/codrop/media/video-2.mp4]
[templates.themekit.dev/codrop/media/sport/image-1.jpg]
[templates.themekit.dev/codrop/media/hd-3.jpg]
[templates.themekit.dev/codrop/media/phone-14.png]
[templates.themekit.dev/codrop/media/phone-15.png]
[templates.themekit.dev/codrop/media/store-google-white.png]
[templates.themekit.dev/codrop/media/store-apple-white.png]
[templates.themekit.dev/codrop/media/wide-1.jpg]
[templates.themekit.dev/codrop/media/sport/screen-1.jpg]
[templates.themekit.dev/codrop/media/sport/image-3.jpg]
[templates.themekit.dev/codrop/media/music/image-11.jpg]
[templates.themekit.dev/codrop/media/sport/image-2.jpg]
[templates.themekit.dev/codrop/index-sport.html]
[templates.themekit.dev/codrop/themekit/scripts/social.min.js]
[templates.themekit.dev/codrop/media/logos/white/logo-1.png]
[templates.themekit.dev/codrop/media/logos/white/logo-2.png]
[templates.themekit.dev/codrop/media/logos/white/logo-3.png]
[templates.themekit.dev/codrop/media/logos/white/logo-6.png]
[templates.themekit.dev/codrop/media/logos/white/logo-5.png]
[templates.themekit.dev/codrop/media/logos/white/logo-4.png]
[templates.themekit.dev/codrop/media/food/food.png]
[templates.themekit.dev/codrop/media/phone-screen-10.png]
[templates.themekit.dev/codrop/media/phone-screen-12.png]
[templates.themekit.dev/codrop/media/phone-screen-5.png]
[templates.themekit.dev/codrop/media/phone-screen-13.png]
[templates.themekit.dev/codrop/media/phone-screen-4.png]
[templates.themekit.dev/codrop/media/phone-screen-11.png]
[templates.themekit.dev/codrop/media/hd-5.jpg]
[templates.themekit.dev/codrop/media/food/food-2.png]
[templates.themekit.dev/codrop/media/sign.gif]
[templates.themekit.dev/codrop/media/hd-6.jpg]
[templates.themekit.dev/codrop/media/food/image-1.jpg]
[templates.themekit.dev/codrop/index-food.html]
[templates.themekit.dev/codrop/media/phone-1.png]
[templates.themekit.dev/codrop/media/phone-2.png]
[templates.themekit.dev/codrop/media/phone-3.png]
[templates.themekit.dev/codrop/media/video-poster.jpg]
[templates.themekit.dev/codrop/media/video.mp4]
[templates.themekit.dev/codrop/media/phone-5.png]
[templates.themekit.dev/codrop/media/phone-4.png]
[templates.themekit.dev/codrop/media/phone-screen-1.png]
[templates.themekit.dev/codrop/media/phone-screen-2.png]
[templates.themekit.dev/codrop/media/phone-screen-3.png]
[templates.themekit.dev/codrop/media/phone-screen-6.png]
[templates.themekit.dev/codrop/index-chat.html]
[templates.themekit.dev/codrop/media/phone-6.png]
[templates.themekit.dev/codrop/media/music/image-2.jpg]
[templates.themekit.dev/codrop/media/music/image-1.jpg]
[templates.themekit.dev/codrop/media/music/image-3.jpg]
[templates.themekit.dev/codrop/media/music/image-4.jpg]
[templates.themekit.dev/codrop/media/music/image-15.jpg]
[templates.themekit.dev/codrop/media/music/image-7.jpg]
[templates.themekit.dev/codrop/media/music/image-5.jpg]
[templates.themekit.dev/codrop/media/phone-7.png]
[templates.themekit.dev/codrop/media/phone-9.png]
[templates.themekit.dev/codrop/media/phone-8.png]
[templates.themekit.dev/codrop/media/music/image-13.jpg]
[templates.themekit.dev/codrop/index-music.html]
[templates.themekit.dev/codrop/media/logo-dark.svg]
[templates.themekit.dev/codrop/media/photo-1.png]
[templates.themekit.dev/codrop/media/photo/image-4.jpg]
[templates.themekit.dev/codrop/media/photo/image-2.jpg]
[templates.themekit.dev/codrop/media/photo/image-1.jpg]
[templates.themekit.dev/codrop/media/photo/image-3.jpg]
[templates.themekit.dev/codrop/media/photo/image-5.jpg]
[templates.themekit.dev/codrop/media/photo/image-6.jpg]
[templates.themekit.dev/codrop/media/photo/image-7.jpg]
[templates.themekit.dev/codrop/media/music/image-8.jpg]
[templates.themekit.dev/codrop/media/photo/image-8.jpg]
[templates.themekit.dev/codrop/media/logos/logo-7.png]
[templates.themekit.dev/codrop/media/photo/square-1.png]
[templates.themekit.dev/codrop/media/photo/square-2.png]
[templates.themekit.dev/codrop/media/phone-screen-7.png]
[templates.themekit.dev/codrop/media/phone-screen-8.png]
[templates.themekit.dev/codrop/media/phone-screen-9.png]
[templates.themekit.dev/codrop/media/store-google.png]
[templates.themekit.dev/codrop/media/store-apple.png]
[templates.themekit.dev/codrop/media/users/user-2.jpg]
[templates.themekit.dev/codrop/index-photo.html]
[templates.themekit.dev/codrop/media/travel/travel-1.svg]
[templates.themekit.dev/codrop/media/phone-10.png]
[templates.themekit.dev/codrop/media/phone-11.png]
[templates.themekit.dev/codrop/media/travel/travel-2.svg]
[templates.themekit.dev/codrop/media/travel/wide-1.jpg]
[templates.themekit.dev/codrop/index-travel.html]
[templates.themekit.dev/codrop/media/news/news-1.svg]
[templates.themekit.dev/codrop/media/news/image-1.jpg]
[templates.themekit.dev/codrop/media/news/image-2.jpg]
[templates.themekit.dev/codrop/media/news/news-2.svg]
[templates.themekit.dev/codrop/media/phone-screen-14.png]
[templates.themekit.dev/codrop/index-news.html]
[templates.themekit.dev/codrop/themekit/scripts/slimscroll.min.js]
[templates.themekit.dev/codrop/media/phone-wall.png]
[templates.themekit.dev/codrop/media/intro/screen-chat.jpg]
[templates.themekit.dev/codrop/media/intro/screen-music.jpg]
[templates.themekit.dev/codrop/media/intro/screen-saas.jpg]
[templates.themekit.dev/codrop/media/intro/screen-fintech.jpg]
[templates.themekit.dev/codrop/media/intro/screen-sport.jpg]
[templates.themekit.dev/codrop/media/intro/screen-food.jpg]
[templates.themekit.dev/codrop/media/intro/screen-photo.jpg]
[templates.themekit.dev/codrop/media/intro/screen-travel.jpg]
[templates.themekit.dev/codrop/media/intro/screen-news.jpg]
[templates.themekit.dev/codrop/media/envato.png]
[templates.themekit.dev/codrop/media/intro/page-1.jpg]
[templates.themekit.dev/codrop/media/intro/page-2.jpg]
[templates.themekit.dev/codrop/media/intro/page-3.jpg]
[templates.themekit.dev/codrop/media/intro/page-4.jpg]
[templates.themekit.dev/codrop/media/intro/page-5.jpg]
[templates.themekit.dev/codrop/media/intro/page-6.jpg]
[templates.themekit.dev/codrop/media/intro/seo.png]
[templates.themekit.dev/codrop/media/intro/themekit.png]
[templates.themekit.dev/codrop/index.html]
[templates.themekit.dev/codrop/elements/components/contact-form.html]
[templates.themekit.dev/codrop/elements/components/content-box.html]
[templates.themekit.dev/codrop/elements/components/countdown.html]
[templates.themekit.dev/codrop/elements/components/counter.html]
[templates.themekit.dev/codrop/elements/components/icons.html]
[templates.themekit.dev/codrop/elements/components/image-box.html]
[templates.themekit.dev/codrop/elements/components/inner-menu.html]
[templates.themekit.dev/codrop/elements/components/lists.html]
[templates.themekit.dev/codrop/elements/components/map.html]
[templates.themekit.dev/codrop/elements/components/media-box.html]
[templates.themekit.dev/codrop/elements/components/progress-bar.html]
[templates.themekit.dev/codrop/elements/components/social.html]
[templates.themekit.dev/codrop/elements/components/table.html]
[templates.themekit.dev/codrop/elements/components/timeline.html]
[templates.themekit.dev/codrop/elements/components/typography.html]
[templates.themekit.dev/codrop/elements/containers/accordion.html]
[templates.themekit.dev/codrop/elements/containers/album.html]
[templates.themekit.dev/codrop/elements/containers/collapse.html]
[templates.themekit.dev/codrop/elements/containers/fixed-area.html]
[templates.themekit.dev/codrop/elements/containers/grid.html]
[templates.themekit.dev/codrop/elements/containers/lightbox.html]
[templates.themekit.dev/codrop/elements/containers/masonry.html]
[templates.themekit.dev/codrop/elements/containers/scroll-box.html]
[templates.themekit.dev/codrop/elements/containers/slider.html]
[templates.themekit.dev/codrop/elements/containers/steps.html]
[templates.themekit.dev/codrop/elements/containers/tab.html]
[templates.themekit.dev/codrop/elements/sections/base.html]
[templates.themekit.dev/codrop/elements/sections/image.html]
[templates.themekit.dev/codrop/elements/sections/slider.html]
[templates.themekit.dev/codrop/elements/sections/video.html]
[templates.themekit.dev/codrop/elements/sections/block.html]
[templates.themekit.dev/codrop/elements/sections/map.html]
[templates.themekit.dev/codrop/elements/navs/big-box.html]
[templates.themekit.dev/codrop/elements/navs/classic.html]
[templates.themekit.dev/codrop/elements/navs/classic-transparent.html]
[templates.themekit.dev/codrop/elements/navs/icon.html]
[templates.themekit.dev/codrop/elements/navs/icon-top.html]
[templates.themekit.dev/codrop/elements/navs/side.html]
[templates.themekit.dev/codrop/elements/navs/side-collapse.html]
[templates.themekit.dev/codrop/elements/navs/subtitle.html]
[templates.themekit.dev/codrop/elements/navs/top-logo.html]
[templates.themekit.dev/codrop/elements/navs/classic-dropdown.html]
[templates.themekit.dev/codrop/elements/headers/image.html]
[templates.themekit.dev/codrop/elements/headers/slider.html]
[templates.themekit.dev/codrop/elements/headers/video.html]
[templates.themekit.dev/codrop/about.html]
[templates.themekit.dev/codrop/elements/headers/base.html]
[templates.themekit.dev/codrop/media/map.png]
[templates.themekit.dev/codrop/careers.html]
[templates.themekit.dev/codrop/media/faq.png]
[templates.themekit.dev/codrop/faq.html]
[templates.themekit.dev/codrop/themekit/scripts/sticky-kit.min.js]
[templates.themekit.dev/codrop/media/customers.png]
[templates.themekit.dev/codrop/media/photo/image-11.jpg]
[templates.themekit.dev/codrop/media/photo/image-9.jpg]
[templates.themekit.dev/codrop/media/photo/image-10.jpg]
[templates.themekit.dev/codrop/media/customers-2.png]
[templates.themekit.dev/codrop/media/photo/image-12.jpg]
[templates.themekit.dev/codrop/media/photo/image-13.jpg]
[templates.themekit.dev/codrop/customers.html]
[templates.themekit.dev/codrop/pricing-1.html]
[templates.themekit.dev/codrop/pricing-2.html]
[templates.themekit.dev/codrop/media/team.png]
[templates.themekit.dev/codrop/media/users/user-6.jpg]
[templates.themekit.dev/codrop/media/users/user-7.jpg]
[templates.themekit.dev/codrop/media/users/user-8.jpg]
[templates.themekit.dev/codrop/team.html]
[templates.themekit.dev/codrop/media/square-1.jpg]
[templates.themekit.dev/codrop/media/square-2.jpg]
[templates.themekit.dev/codrop/media/square-3.jpg]
[templates.themekit.dev/codrop/media/square-4.jpg]
[templates.themekit.dev/codrop/blog-1.html]
[templates.themekit.dev/codrop/blog-2.html]
[templates.themekit.dev/codrop/media/news/wide-1.jpg]
[templates.themekit.dev/codrop/media/news/wide-2.jpg]
[templates.themekit.dev/codrop/post.html]
[templates.themekit.dev/codrop/contacts-1.html]
[templates.themekit.dev/codrop/contacts-2.html]
[templates.themekit.dev/codrop/contacts-3.html]
[templates.themekit.dev/codrop/elements/components/buttons.html]
[templates.themekit.dev/codrop/media/bg.svg]
[templates.themekit.dev/codrop/media/saas/icon-1.svg]
[templates.themekit.dev/codrop/media/saas/icon-2.svg]
[templates.themekit.dev/codrop/media/saas/icon-3.svg]
[templates.themekit.dev/codrop/media/saas/icon-4.svg]
[templates.themekit.dev/codrop/media/saas/icon-5.svg]
[templates.themekit.dev/codrop/media/saas/icon-6.svg]
[templates.themekit.dev/codrop/media/saas/icon-7.svg]
[templates.themekit.dev/codrop/media/saas/icon-8.svg]
[templates.themekit.dev/codrop/media/saas/icon-9.svg]
[templates.themekit.dev/codrop/media/saas/icon-10.svg]
[templates.themekit.dev/codrop/media/saas/icon-11.svg]
[templates.themekit.dev/codrop/media/saas/icon-12.svg]
[templates.themekit.dev/codrop/themekit/media/icons/iconsca27.html]
[templates.themekit.dev/codrop/themekit/media/loader.svg]
[templates.themekit.dev/codrop/media/star.svg]
[templates.themekit.dev/codrop/media/saas/overlay-1.svg]
[templates.themekit.dev/codrop/media/check.svg]
[templates.themekit.dev/codrop/media/check-gray.svg]
[templates.themekit.dev/codrop/media/play.svg]
[templates.themekit.dev/codrop/themekit/scripts/maps.min.js]
[templates.themekit.dev/codrop/themekit/media/icons/iconsmind/line-icons-fonts/icomoon.eot]
[templates.themekit.dev/codrop/themekit/media/icons/iconsmind/line-icons-fonts/icomoond41d.eot]
[templates.themekit.dev/codrop/themekit/media/icons/iconsmind/line-icons-fonts/icomoon.woff]
[templates.themekit.dev/codrop/themekit/media/icons/iconsmind/line-icons-fonts/icomoonca27.svg]
[templates.themekit.dev/codrop/themekit/media/icons/iconsmind/line-icons.min.css]
[templates.themekit.dev/codrop/themekit/css/social.css]
[templates.themekit.dev/codrop/media/logo-dark.svg]
[templates.themekit.dev/codrop/media/travel/travel-1.svg]
[templates.themekit.dev/codrop/media/travel/travel-2.svg]
[templates.themekit.dev/codrop/media/news/news-1.svg]
[templates.themekit.dev/codrop/media/news/news-2.svg]
[templates.themekit.dev/codrop/elements/components/contact-form.html]
[templates.themekit.dev/codrop/themekit/scripts/contact-form/datepicker.min.js]
[templates.themekit.dev/codrop/themekit/media/icons/iconsmind/line-icons-fonts/icomoon.ttf]
[themekit.dev/shared/thumbs/square.png]
[themekit.dev/shared/thumbs/wide.png]
[themekit.dev/shared/thumbs/wide-empty.png]
[themekit.dev/shared/thumbs/square-empty.png]
[themekit.dev/shared/thumbs/user.png]
[templates.themekit.dev/codrop/elements/components/content-box.html]
[templates.themekit.dev/codrop/elements/components/countdown.html]
[templates.themekit.dev/codrop/elements/components/counter.html]
[templates.themekit.dev/codrop/elements/components/icons.html]
[templates.themekit.dev/codrop/elements/components/image-box.html]
[templates.themekit.dev/codrop/elements/components/inner-menu.html]
[templates.themekit.dev/codrop/elements/components/lists.html]
[templates.themekit.dev/codrop/elements/components/map.html]
[templates.themekit.dev/codrop/elements/components/media-box.html]
[templates.themekit.dev/codrop/elements/components/progress-bar.html]
[templates.themekit.dev/codrop/elements/components/social.html]
[templates.themekit.dev/codrop/elements/components/table.html]
[templates.themekit.dev/codrop/elements/components/timeline.html]
[templates.themekit.dev/codrop/elements/components/typography.html]
[templates.themekit.dev/codrop/elements/containers/accordion.html]
[templates.themekit.dev/codrop/elements/containers/album.html]
[templates.themekit.dev/codrop/elements/containers/collapse.html]
[templates.themekit.dev/codrop/elements/containers/fixed-area.html]
[templates.themekit.dev/codrop/elements/containers/grid.html]
[templates.themekit.dev/codrop/elements/containers/lightbox.html]
[templates.themekit.dev/codrop/elements/containers/masonry.html]
[templates.themekit.dev/codrop/elements/containers/scroll-box.html]
[templates.themekit.dev/codrop/themekit/scripts/isotope.min.js]
[themekit.dev/shared/thumbs/hd.png]
[templates.themekit.dev/codrop/elements/containers/slider.html]
[templates.themekit.dev/codrop/elements/containers/steps.html]
[templates.themekit.dev/codrop/elements/containers/tab.html]
[templates.themekit.dev/codrop/elements/sections/base.html]
[themekit.dev/shared/thumbs/hd-empty.png]
[templates.themekit.dev/codrop/elements/sections/image.html]
[templates.themekit.dev/codrop/elements/sections/slider.html]
[templates.themekit.dev/codrop/elements/sections/video.html]
[templates.themekit.dev/codrop/elements/sections/block.html]
[templates.themekit.dev/codrop/elements/sections/map.html]
[templates.themekit.dev/codrop/elements/navs/big-box.html]
[templates.themekit.dev/codrop/elements/navs/classic.html]
[templates.themekit.dev/codrop/elements/navs/classic-transparent.html]
[templates.themekit.dev/codrop/elements/navs/icon.html]
[templates.themekit.dev/codrop/elements/navs/icon-top.html]
[templates.themekit.dev/codrop/elements/navs/side.html]
[templates.themekit.dev/codrop/elements/navs/side-collapse.html]
[templates.themekit.dev/codrop/elements/navs/subtitle.html]
[templates.themekit.dev/codrop/elements/navs/top-logo.html]
[templates.themekit.dev/codrop/elements/navs/classic-dropdown.html]
[templates.themekit.dev/codrop/elements/headers/image.html]
[templates.themekit.dev/codrop/elements/headers/slider.html]
[templates.themekit.dev/codrop/elements/headers/video.html]
[templates.themekit.dev/codrop/elements/headers/base.html]
[templates.themekit.dev/codrop/themekit/media/icons/iconsmind/line-icons-fonts/icomoonca27.html]
